// Jest Snapshot v1, https://goo.gl/fbAQLP

exports[`Root 1`] = `
<div>
  <h1>
    Hello
  </h1>
  Hi
</div>
`;
